[pilot] rho=0.666667 q=0.05 S0=0.0002 L=16384 K=65536 dtau=0.045 tmax_phys=20 saves=2001
[audit t=0] {"omega_mass_relerr": [2.4303389593784523e-15, 5.434466226842546e-15], "f0_grid_relerr": 1.2061749168901237e-14, "m_p0_relerr": [8.131516293641283e-16, 9.622294280808852e-15], "L_p0_relerr": [2.209620010457407e-15, 5.4350097142264446e-15], "R_p0_vs_closed_form_relerr": [7.487992661262659e-08, 3.369256864516552e-08], "f0_probe_relerr": 1.2061749168901237e-14, "Sdot_identity_relerr0": 8.386627884805822e-15}
  t=  0.00 tau=   0.00  S=0.0002 m1=0.0001 m2=0.0000  E-85.0=0.499950 D1=-1.490e-05 D2=+4.570e-08  [     0s]
  t=  1.00 tau=   9.00  S=0.2984 m1=0.2956 m2=0.0029  E-85.0=0.498702 D1=-8.544e-03 D2=+1.817e-03  [    10s]
  t=  2.00 tau=  18.00  S=1.1058 m1=0.9986 m2=0.1058  E-85.0=0.493528 D1=-9.537e-03 D2=+1.948e-03  [    20s]
  t=  3.00 tau=  27.00  S=1.8737 m1=0.9992 m2=0.8622  E-85.0=0.483738 D1=-6.268e-03 D2=+3.281e-04  [    30s]
  t=  4.00 tau=  36.00  S=2.0169 m1=1.0002 m2=0.9973  E-85.0=0.482355 D1=-1.083e-03 D2=+1.924e-03  [    40s]
  t=  5.00 tau=  45.00  S=2.0242 m1=1.0002 m2=1.0000  E-85.0=0.483784 D1=-5.970e-04 D2=+2.401e-03  [    50s]
  t=  6.00 tau=  54.00  S=2.0287 m1=1.0002 m2=0.9999  E-85.0=0.485727 D1=-3.790e-04 D2=+2.388e-03  [    60s]
  t=  7.00 tau=  63.00  S=2.0331 m1=1.0002 m2=0.9999  E-85.0=0.487708 D1=-2.549e-04 D2=+2.178e-03  [    71s]
  t=  8.00 tau=  72.00  S=2.0373 m1=1.0001 m2=0.9999  E-85.0=0.489538 D1=-1.803e-04 D2=+1.908e-03  [    81s]
  t=  9.00 tau=  81.00  S=2.0413 m1=1.0001 m2=0.9999  E-85.0=0.491156 D1=-1.327e-04 D2=+1.638e-03  [    91s]
  t= 10.00 tau=  90.00  S=2.0449 m1=1.0001 m2=0.9999  E-85.0=0.492551 D1=-1.007e-04 D2=+1.390e-03  [   101s]
  t= 11.00 tau=  99.00  S=2.0482 m1=1.0001 m2=0.9999  E-85.0=0.493740 D1=-7.811e-05 D2=+1.171e-03  [   111s]
  t= 12.00 tau= 108.00  S=2.0513 m1=1.0001 m2=0.9999  E-85.0=0.494744 D1=-6.159e-05 D2=+9.792e-04  [   122s]
  t= 13.00 tau= 117.00  S=2.0541 m1=1.0001 m2=0.9999  E-85.0=0.495581 D1=-4.902e-05 D2=+8.095e-04  [   132s]
  t= 14.00 tau= 126.00  S=2.0567 m1=1.0001 m2=0.9999  E-85.0=0.496269 D1=-3.915e-05 D2=+6.574e-04  [   142s]
  t= 15.00 tau= 135.00  S=2.0592 m1=1.0001 m2=1.0000  E-85.0=0.496825 D1=-3.140e-05 D2=+5.274e-04  [   152s]
  t= 16.00 tau= 144.00  S=2.0615 m1=1.0000 m2=1.0000  E-85.0=0.497269 D1=-2.537e-05 D2=+4.220e-04  [   162s]
  t= 17.00 tau= 153.00  S=2.0636 m1=1.0000 m2=1.0000  E-85.0=0.497625 D1=-2.070e-05 D2=+3.392e-04  [   173s]
  t= 18.00 tau= 162.00  S=2.0656 m1=1.0000 m2=1.0000  E-85.0=0.497912 D1=-1.708e-05 D2=+2.748e-04  [   183s]
  t= 19.00 tau= 171.00  S=2.0675 m1=1.0000 m2=1.0000  E-85.0=0.498145 D1=-1.425e-05 D2=+2.248e-04  [   193s]
  t= 20.00 tau= 180.00  S=2.0693 m1=1.0000 m2=1.0000  E-85.0=0.498337 D1=-1.202e-05 D2=+1.858e-04  [   204s]
[audit final] {"Edot_trapezoid_maxabs_err": 2.4614605460924078e-08, "Edot_trapezoid_rel_to_maxdE": 0.0002101864134398656, "Sdot_identity_max_relerr": 4.979913638353717e-08, "Ldot_fd_vs_identity_max_relerr(t>0.1)": 0.003088663568702688, "loss_monotone_max_increase": -1.6283877665645096e-08, "montecarlo_final": {"labels": [4151, 4153, 4152, 10435, 8374, 13934], "max_z": 1.7487868692497262, "direct_f_maxerr": 1.554312234475219e-14}}

==============================================================================
SUMMARY  rho=0.6667 q=0.05 S0=0.0002 (eps@h200=0.001) L=16384 K=65536
clocks (physical t): {'t_m1>=0.1': 0.86, 't_m2>=0.1': 1.99, 't_m1>=0.5': 1.1, 't_m2>=0.5': 2.54, 't_m1>=0.9': 1.35, 't_m2>=0.9': 3.1}
final: {'S': 2.06931, 'm1': 1.00004, 'm2': 0.99997, 'L1': 1e-05, 'L2': 3e-05, 'L': 2e-05}
0.5-deg grid counts: {'n_in_S>=0.0001': 0, 'n_off_S>=0.0001': 113, 'n_in_S>=1e-05': 14, 'n_off_S>=1e-05': 125}
sector: {'max_S': 0.018806123537034036, 'psi_at_max_S': -82.9, 'n_probes': 401, 'n_S>=1e-4': 338, 'psi_range_S>=1e-4': [-93.7, -60.0], 'n_with_cross': 368, 'n_D1<0<D2_at_cross': 368}
focus -85.0 deg:
   S                                  0.01609596899953658
   t_rev                              3.68
   rise                               0.016133211490298394
   t_min                              3.68
   final_excess                       0.016133211490298394
   E0                                 0.49995000125000005
   Emin                               0.4822033040554254
   t_cross                            3.6752451797272734
   n_sign_changes                     1
   E(t_min+0.5)-Emin                  0.0003303299551251637
   E(t_min+1)-Emin                    0.0010307665679238909
   E(t_min+3)-Emin                    0.0048818022178080955
   E(3.4)                             0.48237739204151875
   D1(3.4)                            -0.0025832025479877504
   D2(3.4)                            0.0011563020571627664
   E(3.7)                             0.48220435504000814
   D1(3.7)                            -0.001518691628411586
   D2(3.7)                            0.0016059603340147117
   E(3.9)                             0.4822809784806035
   D1(3.9)                            -0.001190720149723034
   D2(3.9)                            0.0018298044646370114
   strong_share_3.4_to_3.9            0.6740041816361051
   strong_share_around_cross          0.6637007268186181
   D1(t_cross)                        -0.0015744466049214048
   D2(t_cross)                        0.0015744466049214052
   int_D1_tmin_to_end                 -0.002869614734125475
   int_D2_tmin_to_end                 0.019002783970450493
   D1_strong_radial(t_cross)          -4.574077517260696e-05
   D1_strong_inrot(t_cross)           -3.599517569833243e-05
   D1_strong_outrot(t_cross)          -0.0014926704021553641
   D1_strong(t_cross)                 -0.0015744063530263035
   D1_weak_radial(t_cross)            0.0
   D1_weak_inrot(t_cross)             0.0
   D1_weak_outrot(t_cross)            0.0
   D1_weak(t_cross)                   0.0
   D1_other_radial(t_cross)           -4.2528433594077375e-08
   D1_other_inrot(t_cross)            3.554069092556893e-09
   D1_other_outrot(t_cross)           -1.277530611075538e-09
   D1_other(t_cross)                  -4.025189511259602e-08
   D2_strong_radial(t_cross)          -1.963694754466651e-05
   D2_strong_inrot(t_cross)           0.0015662594207947083
   D2_strong_outrot(t_cross)          2.7820740524783713e-05
   D2_strong(t_cross)                 0.0015744432137748253
   D2_weak_radial(t_cross)            0.0
   D2_weak_inrot(t_cross)             0.0
   D2_weak_outrot(t_cross)            0.0
   D2_weak(t_cross)                   0.0
   D2_other_radial(t_cross)           -1.0590814982729743e-11
   D2_other_inrot(t_cross)            3.3918896607639676e-09
   D2_other_outrot(t_cross)           9.847853320380315e-12
   D2_other(t_cross)                  3.3911466991016186e-09
   strong_theta_mean_deg(t_cross)     0.7988985998737158
   strong_theta_std_deg(t_cross)      8.496654600399564
   strong_theta_q05_deg(t_cross)      -3.842867630376301
   strong_theta_q95_deg(t_cross)      21.30106553334722
   strong_inactive_frac@-85.0(t_cross) 0.12023913989518184
   strip0.03@-85.0(t_cross)           0.02121409130581291
   m1(t_cross)                        1.0000638135372562
   m2(t_cross)                        0.9895397903182926
audits: {"initial": {"omega_mass_relerr": [2.4303389593784523e-15, 5.434466226842546e-15], "f0_grid_relerr": 1.2061749168901237e-14, "m_p0_relerr": [8.131516293641283e-16, 9.622294280808852e-15], "L_p0_relerr": [2.209620010457407e-15, 5.4350097142264446e-15], "R_p0_vs_closed_form_relerr": [7.487992661262659e-08, 3.369256864516552e-08], "f0_probe_relerr": 1.2061749168901237e-14, "Sdot_identity_relerr0": 8.386627884805822e-15}, "Edot_trapezoid_maxabs_err": 2.4614605460924078e-08, "Edot_trapezoid_rel_to_maxdE": 0.0002101864134398656, "Sdot_identity_max_relerr": 4.979913638353717e-08, "Ldot_fd_vs_identity_max_relerr(t>0.1)": 0.003088663568702688, "loss_monotone_max_increase": -1.6283877665645096e-08, "montecarlo_final": {"labels": [4151, 4153, 4152, 10435, 8374, 13934], "max_z": 1.7487868692497262, "direct_f_maxerr": 1.554312234475219e-14}}
==============================================================================
archive ReLU runs: 10; continuum horizon t=20 (archive E1 horizon is 20: S/final_excess comparable only if equal)

S: fraction of 720 directions with continuum inside seed 10-90% band: 0.819
     -85.0 deg  continuum  1.6096e-02   seeds median  1.6456e-02  [10%,90%] = [ 1.4156e-02,  1.7860e-02]
     -80.0 deg  continuum  1.6930e-02   seeds median  1.7580e-02  [10%,90%] = [ 1.5216e-02,  1.8476e-02]
     -88.0 deg  continuum  8.7146e-03   seeds median  8.8991e-03  [10%,90%] = [ 7.3260e-03,  1.0280e-02]
     -76.0 deg  continuum  1.3942e-02   seeds median  1.4630e-02  [10%,90%] = [ 1.2271e-02,  1.5620e-02]
     +45.0 deg  continuum  0.0000e+00   seeds median  0.0000e+00  [10%,90%] = [ 0.0000e+00,  0.0000e+00]
    +135.0 deg  continuum  0.0000e+00   seeds median  0.0000e+00  [10%,90%] = [ 0.0000e+00,  0.0000e+00]

rise: fraction of 720 directions with continuum inside seed 10-90% band: 1.000
     -85.0 deg  continuum  1.6133e-02   seeds median  1.6497e-02  [10%,90%] = [ 1.4187e-02,  1.7911e-02]
     -80.0 deg  continuum  1.7050e-02   seeds median  1.7702e-02  [10%,90%] = [ 1.5331e-02,  1.8607e-02]
     -88.0 deg  continuum  8.7206e-03   seeds median  8.9050e-03  [10%,90%] = [ 7.3317e-03,  1.0286e-02]
     -76.0 deg  continuum  1.4045e-02   seeds median  1.4735e-02  [10%,90%] = [ 1.2369e-02,  1.5727e-02]
     +45.0 deg  continuum  0.0000e+00   seeds median  0.0000e+00  [10%,90%] = [ 0.0000e+00,  0.0000e+00]
    +135.0 deg  continuum  0.0000e+00   seeds median  0.0000e+00  [10%,90%] = [ 0.0000e+00,  0.0000e+00]

t_min: fraction of 720 directions with continuum inside seed 10-90% band: 1.000
     -85.0 deg  continuum  3.6800e+00   seeds median  3.6700e+00  [10%,90%] = [ 3.6290e+00,  3.7060e+00]
     -80.0 deg  continuum  3.9400e+00   seeds median  3.9250e+00  [10%,90%] = [ 3.8660e+00,  4.0600e+00]
     -88.0 deg  continuum  3.5000e+00   seeds median  3.4950e+00  [10%,90%] = [ 3.4670e+00,  3.5340e+00]
     -76.0 deg  continuum  4.1800e+00   seeds median  4.1600e+00  [10%,90%] = [ 4.0460e+00,  4.3560e+00]
     +45.0 deg  continuum  2.0000e+01   seeds median  2.0000e+01  [10%,90%] = [ 2.0000e+01,  2.0000e+01]
    +135.0 deg  continuum  2.0000e+01   seeds median  2.0000e+01  [10%,90%] = [ 2.0000e+01,  2.0000e+01]

final_excess: fraction of 720 directions with continuum inside seed 10-90% band: 1.000
     -85.0 deg  continuum  1.6133e-02   seeds median  1.6497e-02  [10%,90%] = [ 1.4187e-02,  1.7911e-02]
     -80.0 deg  continuum  1.7050e-02   seeds median  1.7702e-02  [10%,90%] = [ 1.5331e-02,  1.8607e-02]
     -88.0 deg  continuum  8.7206e-03   seeds median  8.9050e-03  [10%,90%] = [ 7.3317e-03,  1.0286e-02]
     -76.0 deg  continuum  1.4045e-02   seeds median  1.4735e-02  [10%,90%] = [ 1.2369e-02,  1.5727e-02]
     +45.0 deg  continuum  0.0000e+00   seeds median  0.0000e+00  [10%,90%] = [ 0.0000e+00,  0.0000e+00]
    +135.0 deg  continuum  0.0000e+00   seeds median  0.0000e+00  [10%,90%] = [ 0.0000e+00,  0.0000e+00]
archive m85_S: median 0.01646  min 0.01407  max 0.01909
archive m85_t_min: median 3.67  min 3.62  max 3.76
archive m85_final_excess: median 0.0165  min 0.0141  max 0.01914
[pilot] rho=0.666667 q=0.05 S0=0.0002 L=32768 K=131072 dtau=0.0225 tmax_phys=20 saves=2001
  t=  0.00 tau=   0.00  S=0.0002 m1=0.0001 m2=0.0000  E-85.0=0.499950 D1=-1.490e-05 D2=+4.570e-08  [     0s]
  t=  1.00 tau=   9.00  S=0.2984 m1=0.2956 m2=0.0029  E-85.0=0.498702 D1=-8.544e-03 D2=+1.817e-03  [    40s]
  t=  2.00 tau=  18.00  S=1.1058 m1=0.9986 m2=0.1058  E-85.0=0.493528 D1=-9.537e-03 D2=+1.948e-03  [    80s]
  t=  3.00 tau=  27.00  S=1.8737 m1=0.9992 m2=0.8622  E-85.0=0.483738 D1=-6.268e-03 D2=+3.281e-04  [   120s]
  t=  4.00 tau=  36.00  S=2.0169 m1=1.0002 m2=0.9973  E-85.0=0.482355 D1=-1.083e-03 D2=+1.924e-03  [   161s]
  t=  5.00 tau=  45.00  S=2.0242 m1=1.0002 m2=1.0000  E-85.0=0.483784 D1=-5.970e-04 D2=+2.401e-03  [   202s]
  t=  6.00 tau=  54.00  S=2.0287 m1=1.0002 m2=0.9999  E-85.0=0.485727 D1=-3.790e-04 D2=+2.388e-03  [   242s]
  t=  7.00 tau=  63.00  S=2.0331 m1=1.0002 m2=0.9999  E-85.0=0.487708 D1=-2.549e-04 D2=+2.178e-03  [   282s]
  t=  8.00 tau=  72.00  S=2.0373 m1=1.0001 m2=0.9999  E-85.0=0.489538 D1=-1.803e-04 D2=+1.909e-03  [   322s]
  t=  9.00 tau=  81.00  S=2.0413 m1=1.0001 m2=0.9999  E-85.0=0.491156 D1=-1.327e-04 D2=+1.638e-03  [   362s]
  t= 10.00 tau=  90.00  S=2.0449 m1=1.0001 m2=0.9999  E-85.0=0.492551 D1=-1.007e-04 D2=+1.390e-03  [   403s]
  t= 11.00 tau=  99.00  S=2.0482 m1=1.0001 m2=0.9999  E-85.0=0.493740 D1=-7.811e-05 D2=+1.171e-03  [   444s]
  t= 12.00 tau= 108.00  S=2.0513 m1=1.0001 m2=0.9999  E-85.0=0.494744 D1=-6.159e-05 D2=+9.794e-04  [   484s]
  t= 13.00 tau= 117.00  S=2.0541 m1=1.0001 m2=0.9999  E-85.0=0.495581 D1=-4.902e-05 D2=+8.095e-04  [   524s]
  t= 14.00 tau= 126.00  S=2.0567 m1=1.0001 m2=0.9999  E-85.0=0.496269 D1=-3.915e-05 D2=+6.574e-04  [   565s]
  t= 15.00 tau= 135.00  S=2.0592 m1=1.0001 m2=1.0000  E-85.0=0.496825 D1=-3.140e-05 D2=+5.274e-04  [   604s]
  t= 16.00 tau= 144.00  S=2.0615 m1=1.0000 m2=1.0000  E-85.0=0.497269 D1=-2.537e-05 D2=+4.220e-04  [   645s]
  t= 17.00 tau= 153.00  S=2.0636 m1=1.0000 m2=1.0000  E-85.0=0.497625 D1=-2.070e-05 D2=+3.392e-04  [   685s]
  t= 18.00 tau= 162.00  S=2.0656 m1=1.0000 m2=1.0000  E-85.0=0.497912 D1=-1.708e-05 D2=+2.748e-04  [   725s]
  t= 19.00 tau= 171.00  S=2.0675 m1=1.0000 m2=1.0000  E-85.0=0.498145 D1=-1.426e-05 D2=+2.249e-04  [   765s]
  t= 20.00 tau= 180.00  S=2.0693 m1=1.0000 m2=1.0000  E-85.0=0.498337 D1=-1.203e-05 D2=+1.859e-04  [   805s]

==============================================================================
SUMMARY  rho=0.6667 q=0.05 S0=0.0002 (eps@h200=0.001) L=32768 K=131072
clocks (physical t): {'t_m1>=0.1': 0.86, 't_m2>=0.1': 1.99, 't_m1>=0.5': 1.1, 't_m2>=0.5': 2.54, 't_m1>=0.9': 1.35, 't_m2>=0.9': 3.1}
final: {'S': 2.06931, 'm1': 1.00004, 'm2': 0.99997, 'L1': 1e-05, 'L2': 3e-05, 'L': 2e-05}
0.5-deg grid counts: {'n_in_S>=0.0001': 0, 'n_off_S>=0.0001': 113, 'n_in_S>=1e-05': 14, 'n_off_S>=1e-05': 125}
sector: {'max_S': 0.01880612378432872, 'psi_at_max_S': -82.9, 'n_probes': 401, 'n_S>=1e-4': 338, 'psi_range_S>=1e-4': [-93.7, -60.0], 'n_with_cross': 368, 'n_D1<0<D2_at_cross': 368}
focus -85.0 deg:
   S                                  0.016095968161129737
   t_rev                              3.68
   rise                               0.016133210531676823
   t_min                              3.68
   final_excess                       0.016133210531676823
   E0                                 0.49995000125000005
   Emin                               0.48220330453299726
   t_cross                            3.675245948617929
   n_sign_changes                     1
   E(t_min+0.5)-Emin                  0.00033032999801207996
   E(t_min+1)-Emin                    0.0010307665041147662
   E(t_min+3)-Emin                    0.00488180232054225
   E(3.4)                             0.4823773923766976
   D1(3.4)                            -0.0025832026830821795
   D2(3.4)                            0.001156302208619743
   E(3.7)                             0.48220435537586465
   D1(3.7)                            -0.0015186917735359577
   D2(3.7)                            0.001605960449174854
   E(3.9)                             0.48228097906851486
   D1(3.9)                            -0.0011907179583232248
   D2(3.9)                            0.001829861765240886
   strong_share_3.4_to_3.9            0.6739859050014109
   strong_share_around_cross          0.6636947889769538
   D1(t_cross)                        -0.0015744451038074488
   D2(t_cross)                        0.0015744451038074492
   int_D1_tmin_to_end                 -0.0028696154330109204
   int_D2_tmin_to_end                 0.019002798848266084
   D1_strong_radial(t_cross)          -4.5740518052000114e-05
   D1_strong_inrot(t_cross)           -3.5995342359564685e-05
   D1_strong_outrot(t_cross)          -0.0014926688256588928
   D1_strong(t_cross)                 -0.0015744046860704576
   D1_weak_radial(t_cross)            0.0
   D1_weak_inrot(t_cross)             0.0
   D1_weak_outrot(t_cross)            0.0
   D1_weak(t_cross)                   0.0
   D1_other_radial(t_cross)           -4.270011808710926e-08
   D1_other_inrot(t_cross)            3.598133665306623e-09
   D1_other_outrot(t_cross)           -1.3157525784366794e-09
   D1_other(t_cross)                  -4.041773700023932e-08
   D2_strong_radial(t_cross)          -1.9636963529093324e-05
   D2_strong_inrot(t_cross)           0.0015662580292767358
   D2_strong_outrot(t_cross)          2.7820656163181486e-05
   D2_strong(t_cross)                 0.0015744417219108239
   D2_weak_radial(t_cross)            0.0
   D2_weak_inrot(t_cross)             0.0
   D2_weak_outrot(t_cross)            0.0
   D2_weak(t_cross)                   0.0
   D2_other_radial(t_cross)           -1.0590896541013296e-11
   D2_other_inrot(t_cross)            3.3826399330473463e-09
   D2_other_outrot(t_cross)           9.847944184497072e-12
   D2_other(t_cross)                  3.38189698069083e-09
   strong_theta_mean_deg(t_cross)     0.798900272642977
   strong_theta_std_deg(t_cross)      8.496653651105007
   strong_theta_q05_deg(t_cross)      -3.8426734810588634
   strong_theta_q95_deg(t_cross)      21.312912798176143
   strong_inactive_frac@-85.0(t_cross) 0.12023528791453043
   strip0.03@-85.0(t_cross)           0.021134199841174334
   m1(t_cross)                        1.0000638139624818
   m2(t_cross)                        0.9895398226471931
==============================================================================
common saves: 2001, t in [0.0, 20.0]
probe -85.0:
   E   max|a-b| = 8.804e-10   relative to scale 1.775e-02: 4.961e-08
   D1  max|a-b| = 1.972e-07   relative to scale 1.187e-02: 1.661e-05
   D2  max|a-b| = 3.239e-07   relative to scale 3.493e-03: 9.274e-05
   D1+D2 max|a-b| / max|D1| = 2.723e-05
probe -80.0:
   E   max|a-b| = 1.815e-09   relative to scale 3.777e-02: 4.804e-08
   D1  max|a-b| = 3.843e-07   relative to scale 3.807e-02: 1.010e-05
   D2  max|a-b| = 1.694e-06   relative to scale 9.012e-03: 1.880e-04
   D1+D2 max|a-b| / max|D1| = 4.541e-05
probe -88.0:
   E   max|a-b| = 5.057e-10   relative to scale 8.949e-03: 5.651e-08
   D1  max|a-b| = 3.599e-08   relative to scale 6.750e-03: 5.331e-06
   D2  max|a-b| = 3.521e-07   relative to scale 2.164e-03: 1.627e-04
   D1+D2 max|a-b| / max|D1| = 5.150e-05
focus -85.0: S: 0.01609596899953658 vs 0.016095968161129737, t_min: 3.68 vs 3.68, t_cross: 3.6752451797272734 vs 3.675245948617929, strong_share_around_cross: 0.6637007268186181 vs 0.6636947889769538
clocks a: {'t_m1>=0.1': 0.86, 't_m2>=0.1': 1.99, 't_m1>=0.5': 1.1, 't_m2>=0.5': 2.54, 't_m1>=0.9': 1.35, 't_m2>=0.9': 3.1}
clocks b: {'t_m1>=0.1': 0.86, 't_m2>=0.1': 1.99, 't_m1>=0.5': 1.1, 't_m2>=0.5': 2.54, 't_m1>=0.9': 1.35, 't_m2>=0.9': 3.1}
[pilot] rho=0.666667 q=0.05 S0=2e-08 L=8192 K=32768 dtau=0.045 tmax_phys=13.07 saves=1308
  t=  0.00 tau=   0.00  S=0.0000 m1=0.0000 m2=0.0000  E-85.0=0.500000 D1=-1.490e-09 D2=+4.571e-12  [     0s]
  t=  1.00 tau=   9.00  S=0.0000 m1=0.0000 m2=0.0000  E-85.0=0.500000 D1=-2.012e-06 D2=+3.809e-07  [     5s]
  t=  2.00 tau=  18.00  S=0.2608 m1=0.2607 m2=0.0002  E-85.0=0.498919 D1=-8.393e-03 D2=+2.200e-03  [    10s]
  t=  3.00 tau=  27.00  S=1.0002 m1=0.9993 m2=0.0012  E-85.0=0.497555 D1=-5.508e-03 D2=+5.440e-03  [    15s]
  t=  4.00 tau=  36.00  S=1.0261 m1=0.9997 m2=0.0267  E-85.0=0.497305 D1=-5.686e-03 D2=+5.038e-03  [    20s]
  t=  5.00 tau=  45.00  S=1.6019 m1=0.9998 m2=0.6002  E-85.0=0.495111 D1=-5.588e-03 D2=+1.814e-03  [    26s]
  t=  6.00 tau=  54.00  S=1.9949 m1=1.0002 m2=0.9884  E-85.0=0.493278 D1=-1.177e-03 D2=+1.099e-03  [    31s]
  t=  7.00 tau=  63.00  S=2.0103 m1=1.0001 m2=0.9999  E-85.0=0.493691 D1=-5.269e-04 D2=+1.215e-03  [    36s]
  t=  8.00 tau=  72.00  S=2.0144 m1=1.0001 m2=1.0000  E-85.0=0.494487 D1=-3.060e-04 D2=+1.171e-03  [    42s]
  t=  9.00 tau=  81.00  S=2.0179 m1=1.0001 m2=1.0000  E-85.0=0.495371 D1=-1.899e-04 D2=+1.076e-03  [    47s]
  t= 10.00 tau=  90.00  S=2.0212 m1=1.0001 m2=1.0000  E-85.0=0.496237 D1=-1.233e-04 D2=+9.601e-04  [    52s]
  t= 11.00 tau=  99.00  S=2.0242 m1=1.0001 m2=1.0000  E-85.0=0.497033 D1=-8.255e-05 D2=+8.358e-04  [    57s]
  t= 12.00 tau= 108.00  S=2.0270 m1=1.0000 m2=1.0000  E-85.0=0.497738 D1=-5.636e-05 D2=+7.105e-04  [    62s]
  t= 13.00 tau= 117.00  S=2.0295 m1=1.0000 m2=1.0000  E-85.0=0.498341 D1=-3.885e-05 D2=+5.901e-04  [    67s]
  t= 13.07 tau= 117.63  S=2.0297 m1=1.0000 m2=1.0000  E-85.0=0.498379 D1=-3.786e-05 D2=+5.820e-04  [    68s]

==============================================================================
SUMMARY  rho=0.6667 q=0.05 S0=2e-08 (eps@h200=1e-05) L=8192 K=32768
clocks (physical t): {'t_m1>=0.1': 1.88, 't_m2>=0.1': 4.36, 't_m1>=0.5': 2.12, 't_m2>=0.5': 4.9, 't_m1>=0.9': 2.36, 't_m2>=0.9': 5.45}
final: {'S': 2.02968, 'm1': 1.00004, 'm2': 1.00001, 'L1': 3e-05, 'L2': 7e-05, 'L': 5e-05}
0.5-deg grid counts: {'n_in_S>=0.0001': 0, 'n_off_S>=0.0001': 54, 'n_in_S>=1e-05': 4, 'n_off_S>=1e-05': 65}
sector: {'max_S': 0.004992771818349839, 'psi_at_max_S': -84.9, 'n_probes': 401, 'n_S>=1e-4': 177, 'psi_range_S>=1e-4': [-89.8, -72.2], 'n_with_cross': 267, 'n_D1<0<D2_at_cross': 267}
focus -85.0 deg:
   S                                  0.004991066727587756
   t_rev                              6.05
   rise                               0.005102759968340365
   t_min                              6.05
   final_excess                       0.005102759968340365
   E0                                 0.499999995
   Emin                               0.4932763149747154
   t_cross                            6.046570034610728
   n_sign_changes                     1
   E(t_min+0.5)-Emin                  0.00014446862080019773
   E(t_min+1)-Emin                    0.0004496622973674258
   E(t_min+3)-Emin                    0.0021391893652202842
   E(3.4)                             0.49751232383955063
   D1(3.4)                            -0.005531947075215915
   D2(3.4)                            0.0053719929520894905
   E(3.7)                             0.4974433972912909
   D1(3.7)                            -0.00557917177458452
   D2(3.7)                            0.005260572486425176
   E(3.9)                             0.497362104075176
   D1(3.9)                            -0.005640705625639178
   D2(3.9)                            0.005130563098922525
   strong_share_3.4_to_3.9            0.31057153608811777
   strong_share_around_cross          0.8451876128746396
   D1(t_cross)                        -0.0011114101672716377
   D2(t_cross)                        0.0011114101672716383
   int_D1_tmin_to_end                 -0.001729679925501037
   int_D2_tmin_to_end                 0.006832444408233059
   D1_strong_radial(t_cross)          2.9093788024750803e-08
   D1_strong_inrot(t_cross)           -1.0616226746898463e-05
   D1_strong_outrot(t_cross)          -0.001100823031105222
   D1_strong(t_cross)                 -0.0011114101640640958
   D1_weak_radial(t_cross)            0.0
   D1_weak_inrot(t_cross)             0.0
   D1_weak_outrot(t_cross)            0.0
   D1_weak(t_cross)                   0.0
   D1_other_radial(t_cross)           -3.53787014719713e-12
   D1_other_inrot(t_cross)            3.7624559850645626e-13
   D1_other_outrot(t_cross)           -4.591667079210455e-14
   D1_other(t_cross)                  -3.207541219482778e-12
   D2_strong_radial(t_cross)          -1.0234371383987354e-05
   D2_strong_inrot(t_cross)           0.0010739550962851042
   D2_strong_outrot(t_cross)          4.7689442150541396e-05
   D2_strong(t_cross)                 0.0011114101670516583
   D2_weak_radial(t_cross)            0.0
   D2_weak_inrot(t_cross)             0.0
   D2_weak_outrot(t_cross)            0.0
   D2_weak(t_cross)                   0.0
   D2_other_radial(t_cross)           -7.563702777782647e-16
   D2_other_inrot(t_cross)            2.20143706013571e-13
   D2_other_outrot(t_cross)           7.127150319922905e-16
   D2_other(t_cross)                  2.2010005076778504e-13
   strong_theta_mean_deg(t_cross)     1.70743321163209
   strong_theta_std_deg(t_cross)      3.275804868804268
   strong_theta_q05_deg(t_cross)      0.06704111936008234
   strong_theta_q95_deg(t_cross)      5.231601954037531
   strong_inactive_frac@-85.0(t_cross) 0.05399454566490641
   strip0.03@-85.0(t_cross)           0.03717692178302132
   m1(t_cross)                        1.0002050021267728
   m2(t_cross)                        0.9903907054466763
==============================================================================
[pilot] rho=0.666667 q=0.05 S0=2e-07 L=8192 K=32768 dtau=0.045 tmax_phys=12.3 saves=1231
  t=  0.00 tau=   0.00  S=0.0000 m1=0.0000 m2=0.0000  E-85.0=0.500000 D1=-1.490e-08 D2=+4.571e-11  [     0s]
  t=  1.00 tau=   9.00  S=0.0004 m1=0.0004 m2=0.0000  E-85.0=0.499998 D1=-2.010e-05 D2=+3.805e-06  [     5s]
  t=  2.00 tau=  18.00  S=0.7793 m1=0.7789 m2=0.0007  E-85.0=0.497724 D1=-6.263e-03 D2=+4.448e-03  [    10s]
  t=  3.00 tau=  27.00  S=1.0051 m1=0.9996 m2=0.0058  E-85.0=0.497388 D1=-5.623e-03 D2=+5.173e-03  [    15s]
  t=  4.00 tau=  36.00  S=1.2212 m1=0.9995 m2=0.2211  E-85.0=0.495877 D1=-6.744e-03 D2=+3.306e-03  [    20s]
  t=  5.00 tau=  45.00  S=1.9463 m1=1.0001 m2=0.9407  E-85.0=0.492132 D1=-2.514e-03 D2=+9.523e-04  [    25s]
  t=  6.00 tau=  54.00  S=2.0089 m1=1.0002 m2=0.9990  E-85.0=0.492027 D1=-7.450e-04 D2=+1.360e-03  [    30s]
  t=  7.00 tau=  63.00  S=2.0140 m1=1.0001 m2=1.0000  E-85.0=0.492855 D1=-4.159e-04 D2=+1.378e-03  [    35s]
  t=  8.00 tau=  72.00  S=2.0179 m1=1.0001 m2=1.0000  E-85.0=0.493861 D1=-2.550e-04 D2=+1.280e-03  [    40s]
  t=  9.00 tau=  81.00  S=2.0214 m1=1.0001 m2=1.0000  E-85.0=0.494870 D1=-1.653e-04 D2=+1.147e-03  [    45s]
  t= 10.00 tau=  90.00  S=2.0247 m1=1.0001 m2=1.0000  E-85.0=0.495809 D1=-1.117e-04 D2=+1.005e-03  [    50s]
  t= 11.00 tau=  99.00  S=2.0277 m1=1.0001 m2=1.0000  E-85.0=0.496649 D1=-7.770e-05 D2=+8.631e-04  [    55s]
  t= 12.00 tau= 108.00  S=2.0304 m1=1.0000 m2=1.0000  E-85.0=0.497379 D1=-5.517e-05 D2=+7.289e-04  [    60s]
  t= 12.30 tau= 110.70  S=2.0312 m1=1.0000 m2=1.0000  E-85.0=0.497576 D1=-4.992e-05 D2=+6.908e-04  [    62s]

==============================================================================
SUMMARY  rho=0.6667 q=0.05 S0=2e-07 (eps@h200=3.16e-05) L=8192 K=32768
clocks (physical t): {'t_m1>=0.1': 1.62, 't_m2>=0.1': 3.77, 't_m1>=0.5': 1.87, 't_m2>=0.5': 4.32, 't_m1>=0.9': 2.11, 't_m2>=0.9': 4.86}
final: {'S': 2.03121, 'm1': 1.00005, 'm2': 0.99999, 'L1': 3e-05, 'L2': 7e-05, 'L': 5e-05}
0.5-deg grid counts: {'n_in_S>=0.0001': 0, 'n_off_S>=0.0001': 61, 'n_in_S>=1e-05': 5, 'n_off_S>=1e-05': 72}
sector: {'max_S': 0.005612626495483497, 'psi_at_max_S': -85.0, 'n_probes': 401, 'n_S>=1e-4': 202, 'psi_range_S>=1e-4': [-90.5, -70.4], 'n_with_cross': 284, 'n_D1<0<D2_at_cross': 284}
focus -85.0 deg:
   S                                  0.005612626495483497
   t_rev                              5.46
   rise                               0.005744015567510863
   t_min                              5.46
   final_excess                       0.005744015567510863
   E0                                 0.4999999500000013
   Emin                               0.491831849394929
   t_cross                            5.461203053220092
   n_sign_changes                     1
   E(t_min+0.5)-Emin                  0.00017083398567691033
   E(t_min+1)-Emin                    0.0005339883070069051
   E(t_min+3)-Emin                    0.0024986672500854623
   E(3.4)                             0.4971070581544928
   D1(3.4)                            -0.005853089412722486
   D2(3.4)                            0.004813307649138108
   E(3.7)                             0.4966723152986589
   D1(3.7)                            -0.006228459055010182
   D2(3.7)                            0.004278659976461916
   E(3.9)                             0.49619292687142774
   D1(3.9)                            -0.006578527701604802
   D2(3.9)                            0.0036896594062896595
   strong_share_3.4_to_3.9            0.3923225205708994
   strong_share_around_cross          0.7802072525104021
   D1(t_cross)                        -0.0012084929115218825
   D2(t_cross)                        0.0012084929115218825
   int_D1_tmin_to_end                 -0.0019079139688090996
   int_D2_tmin_to_end                 0.0076518907336096545
   D1_strong_radial(t_cross)          -2.0471365639516424e-06
   D1_strong_inrot(t_cross)           -1.338717533072844e-05
   D1_strong_outrot(t_cross)          -0.0011930585665610501
   D1_strong(t_cross)                 -0.0012084928784557303
   D1_weak_radial(t_cross)            0.0
   D1_weak_inrot(t_cross)             0.0
   D1_weak_outrot(t_cross)            0.0
   D1_weak(t_cross)                   0.0
   D1_other_radial(t_cross)           -3.591152433444905e-11
   D1_other_inrot(t_cross)            3.4889115040078088e-12
   D1_other_outrot(t_cross)           -6.43538516471786e-13
   D1_other(t_cross)                  -3.306615134691302e-11
   D2_strong_radial(t_cross)          -1.2166807766425561e-05
   D2_strong_inrot(t_cross)           0.001176011618808119
   D2_strong_outrot(t_cross)          4.4648098061024446e-05
   D2_strong(t_cross)                 0.001208492909102718
   D2_weak_radial(t_cross)            0.0
   D2_weak_inrot(t_cross)             0.0
   D2_weak_outrot(t_cross)            0.0
   D2_weak(t_cross)                   0.0
   D2_other_radial(t_cross)           -8.146907102920182e-15
   D2_other_inrot(t_cross)            2.4197957671061934e-12
   D2_other_outrot(t_cross)           7.570628620276299e-15
   D2_other(t_cross)                  2.4192194886235495e-12
   strong_theta_mean_deg(t_cross)     1.5568600165288138
   strong_theta_std_deg(t_cross)      4.4842048381433255
   strong_theta_q05_deg(t_cross)      -0.7353972736822192
   strong_theta_q95_deg(t_cross)      6.952279786029938
   strong_inactive_frac@-85.0(t_cross) 0.07471261706492115
   strip0.03@-85.0(t_cross)           0.0362125006115203
   m1(t_cross)                        1.0002127609169664
   m2(t_cross)                        0.9903746248060428
==============================================================================
[pilot] rho=0.666667 q=0.05 S0=2e-06 L=8192 K=32768 dtau=0.045 tmax_phys=11.54 saves=1155
  t=  0.00 tau=   0.00  S=0.0000 m1=0.0000 m2=0.0000  E-85.0=0.500000 D1=-1.490e-07 D2=+4.571e-10  [     0s]
  t=  1.00 tau=   9.00  S=0.0042 m1=0.0042 m2=0.0000  E-85.0=0.499981 D1=-1.991e-04 D2=+3.773e-05  [     5s]
  t=  2.00 tau=  18.00  S=0.9735 m1=0.9721 m2=0.0018  E-85.0=0.497495 D1=-5.580e-03 D2=+5.085e-03  [    10s]
  t=  3.00 tau=  27.00  S=1.0522 m1=0.9995 m2=0.0526  E-85.0=0.496374 D1=-6.548e-03 D2=+4.082e-03  [    15s]
  t=  4.00 tau=  36.00  S=1.7563 m1=0.9996 m2=0.7521  E-85.0=0.491377 D1=-6.059e-03 D2=+7.683e-04  [    20s]
  t=  5.00 tau=  45.00  S=2.0045 m1=1.0002 m2=0.9943  E-85.0=0.489570 D1=-1.142e-03 D2=+1.425e-03  [    26s]
  t=  6.00 tau=  54.00  S=2.0144 m1=1.0002 m2=0.9999  E-85.0=0.490373 D1=-5.685e-04 D2=+1.672e-03  [    31s]
  t=  7.00 tau=  63.00  S=2.0186 m1=1.0001 m2=1.0000  E-85.0=0.491579 D1=-3.431e-04 D2=+1.603e-03  [    36s]
  t=  8.00 tau=  72.00  S=2.0226 m1=1.0001 m2=1.0000  E-85.0=0.492832 D1=-2.209e-04 D2=+1.449e-03  [    41s]
  t=  9.00 tau=  81.00  S=2.0262 m1=1.0001 m2=1.0000  E-85.0=0.494012 D1=-1.495e-04 D2=+1.274e-03  [    46s]
  t= 10.00 tau=  90.00  S=2.0295 m1=1.0001 m2=1.0000  E-85.0=0.495072 D1=-1.051e-04 D2=+1.099e-03  [    51s]
  t= 11.00 tau=  99.00  S=2.0326 m1=1.0001 m2=1.0000  E-85.0=0.495999 D1=-7.592e-05 D2=+9.353e-04  [    56s]
  t= 11.54 tau= 103.86  S=2.0341 m1=1.0001 m2=1.0000  E-85.0=0.496444 D1=-6.427e-05 D2=+8.534e-04  [    59s]

==============================================================================
SUMMARY  rho=0.6667 q=0.05 S0=2e-06 (eps@h200=0.0001) L=8192 K=32768
clocks (physical t): {'t_m1>=0.1': 1.37, 't_m2>=0.1': 3.18, 't_m1>=0.5': 1.61, 't_m2>=0.5': 3.73, 't_m1>=0.9': 1.85, 't_m2>=0.9': 4.28}
final: {'S': 2.03411, 'm1': 1.00006, 'm2': 0.99998, 'L1': 3e-05, 'L2': 8e-05, 'L': 5e-05}
0.5-deg grid counts: {'n_in_S>=0.0001': 0, 'n_off_S>=0.0001': 70, 'n_in_S>=1e-05': 6, 'n_off_S>=1e-05': 81}
sector: {'max_S': 0.006732237269705954, 'psi_at_max_S': -85.0, 'n_probes': 401, 'n_S>=1e-4': 246, 'psi_range_S>=1e-4': [-91.5, -67.0], 'n_with_cross': 317, 'n_D1<0<D2_at_cross': 317}
focus -85.0 deg:
   S                                  0.006732237269705954
   t_rev                              4.87
   rise                               0.006893927024335722
   t_min                              4.86
   final_excess                       0.006893927024335722
   E0                                 0.49999950000012505
   Emin                               0.48954990864473896
   t_cross                            4.864071159454033
   n_sign_changes                     1
   E(t_min+0.5)-Emin                  0.00021411190894909948
   E(t_min+1)-Emin                    0.0006722950614659884
   E(t_min+3)-Emin                    0.003109784233697066
   E(3.4)                             0.49493244617637466
   D1(3.4)                            -0.0077025361568611415
   D2(3.4)                            0.002793237755552308
   E(3.7)                             0.49319706008943476
   D1(3.7)                            -0.007878097467751742
   D2(3.7)                            0.001499150341918072
   E(3.9)                             0.49194109985643797
   D1(3.9)                            -0.006861881546804111
   D2(3.9)                            0.0009078700120604996
   strong_share_3.4_to_3.9            -0.8046750664396749
   strong_share_around_cross          0.7201908286427633
   D1(t_cross)                        -0.0013362203951208117
   D2(t_cross)                        0.0013362203951208127
   int_D1_tmin_to_end                 -0.0021191372712594126
   int_D2_tmin_to_end                 0.00901303315554008
   D1_strong_radial(t_cross)          -7.355934127598196e-06
   D1_strong_inrot(t_cross)           -1.773073885012445e-05
   D1_strong_outrot(t_cross)          -0.0013111333842455992
   D1_strong(t_cross)                 -0.0013362200572233217
   D1_weak_radial(t_cross)            0.0
   D1_weak_inrot(t_cross)             0.0
   D1_weak_outrot(t_cross)            0.0
   D1_weak(t_cross)                   0.0
   D1_other_radial(t_cross)           -3.618089525269803e-10
   D1_other_inrot(t_cross)            3.111205270881877e-11
   D1_other_outrot(t_cross)           -7.200584947414762e-12
   D1_other(t_cross)                  -3.378974847655763e-10
   D2_strong_radial(t_cross)          -1.4710247075200986e-05
   D2_strong_inrot(t_cross)           0.0013098234378709148
   D2_strong_outrot(t_cross)          4.110717682654529e-05
   D2_strong(t_cross)                 0.0013362203676222592
   D2_weak_radial(t_cross)            0.0
   D2_weak_inrot(t_cross)             0.0
   D2_weak_outrot(t_cross)            0.0
   D2_weak(t_cross)                   0.0
   D2_other_radial(t_cross)           -8.957380003737053e-14
   D2_other_inrot(t_cross)            2.750583051414334e-11
   D2_other_outrot(t_cross)           8.240394202522761e-14
   D2_other(t_cross)                  2.7498660656131195e-11
   strong_theta_mean_deg(t_cross)     1.2882155140719245
   strong_theta_std_deg(t_cross)      5.784040225314322
   strong_theta_q05_deg(t_cross)      -1.7211139628715026
   strong_theta_q95_deg(t_cross)      9.922061904430217
   strong_inactive_frac@-85.0(t_cross) 0.0910677281432968
   strip0.03@-85.0(t_cross)           0.030996825748796093
   m1(t_cross)                        1.0002015935163782
   m2(t_cross)                        0.9900330151353202
==============================================================================
[pilot] rho=0.666667 q=0.05 S0=2e-05 L=8192 K=32768 dtau=0.045 tmax_phys=10.77 saves=1078
  t=  0.00 tau=   0.00  S=0.0000 m1=0.0000 m2=0.0000  E-85.0=0.499995 D1=-1.490e-06 D2=+4.571e-09  [     0s]
  t=  1.00 tau=   9.00  S=0.0406 m1=0.0403 m2=0.0003  E-85.0=0.499816 D1=-1.810e-03 D2=+3.475e-04  [     5s]
  t=  2.00 tau=  18.00  S=1.0083 m1=0.9967 m2=0.0117  E-85.0=0.496781 D1=-6.233e-03 D2=+4.320e-03  [    10s]
  t=  3.00 tau=  27.00  S=1.3737 m1=0.9989 m2=0.3719  E-85.0=0.491981 D1=-9.713e-03 D2=+1.220e-03  [    15s]
  t=  4.00 tau=  36.00  S=1.9816 m1=1.0000 m2=0.9703  E-85.0=0.486439 D1=-2.267e-03 D2=+1.148e-03  [    20s]
  t=  5.00 tau=  45.00  S=2.0158 m1=1.0002 m2=0.9995  E-85.0=0.486831 D1=-7.700e-04 D2=+1.938e-03  [    25s]
  t=  6.00 tau=  54.00  S=2.0206 m1=1.0002 m2=1.0000  E-85.0=0.488255 D1=-4.552e-04 D2=+2.030e-03  [    31s]
  t=  7.00 tau=  63.00  S=2.0249 m1=1.0001 m2=0.9999  E-85.0=0.489857 D1=-2.905e-04 D2=+1.884e-03  [    36s]
  t=  8.00 tau=  72.00  S=2.0289 m1=1.0001 m2=0.9999  E-85.0=0.491398 D1=-1.961e-04 D2=+1.671e-03  [    41s]
  t=  9.00 tau=  81.00  S=2.0327 m1=1.0001 m2=0.9999  E-85.0=0.492791 D1=-1.384e-04 D2=+1.447e-03  [    46s]
  t= 10.00 tau=  90.00  S=2.0362 m1=1.0001 m2=0.9999  E-85.0=0.494012 D1=-1.011e-04 D2=+1.235e-03  [    51s]
  t= 10.77 tau=  96.93  S=2.0386 m1=1.0001 m2=0.9999  E-85.0=0.494835 D1=-8.080e-05 D2=+1.086e-03  [    55s]

==============================================================================
SUMMARY  rho=0.6667 q=0.05 S0=2e-05 (eps@h200=0.000316) L=8192 K=32768
clocks (physical t): {'t_m1>=0.1': 1.11, 't_m2>=0.1': 2.58, 't_m1>=0.5': 1.36, 't_m2>=0.5': 3.14, 't_m1>=0.9': 1.6, 't_m2>=0.9': 3.68}
final: {'S': 2.03863, 'm1': 1.00007, 'm2': 0.99995, 'L1': 3e-05, 'L2': 9e-05, 'L': 6e-05}
0.5-deg grid counts: {'n_in_S>=0.0001': 0, 'n_off_S>=0.0001': 85, 'n_in_S>=1e-05': 9, 'n_off_S>=1e-05': 97}
sector: {'max_S': 0.008323388215692618, 'psi_at_max_S': -84.9, 'n_probes': 401, 'n_S>=1e-4': 310, 'psi_range_S>=1e-4': [-92.6, -61.7], 'n_with_cross': 366, 'n_D1<0<D2_at_cross': 366}
focus -85.0 deg:
   S                                  0.00832288637981421
   t_rev                              4.2700000000000005
   rise                               0.008528781176965095
   t_min                              4.26
   final_excess                       0.008528781176965095
   E0                                 0.4999950000125
   Emin                               0.48630669852911806
   t_cross                            4.26403471320733
   n_sign_changes                     1
   E(t_min+0.5)-Emin                  0.00027015609773095584
   E(t_min+1)-Emin                    0.0008518944914153725
   E(t_min+3)-Emin                    0.003962356879204709
   E(3.4)                             0.4886696433607297
   D1(3.4)                            -0.007380541260031586
   D2(3.4)                            0.0004044315916084779
   E(3.7)                             0.48709940906163196
   D1(3.7)                            -0.0042248116832009
   D2(3.7)                            0.000699886146069985
   E(3.9)                             0.48658169912815474
   D1(3.9)                            -0.0027662451061672244
   D2(3.9)                            0.0010046616416930446
   strong_share_3.4_to_3.9            0.8848926965540961
   strong_share_around_cross          0.6806917074586492
   D1(t_cross)                        -0.0014662700242200936
   D2(t_cross)                        0.0014662700242200927
   int_D1_tmin_to_end                 -0.0023161831843898084
   int_D2_tmin_to_end                 0.010844967721369815
   D1_strong_radial(t_cross)          -2.0002489574633288e-05
   D1_strong_inrot(t_cross)           -2.446819211345951e-05
   D1_strong_outrot(t_cross)          -0.0014217957188134233
   D1_strong(t_cross)                 -0.0014662664005015162
   D1_weak_radial(t_cross)            0.0
   D1_weak_inrot(t_cross)             0.0
   D1_weak_outrot(t_cross)            0.0
   D1_weak(t_cross)                   0.0
   D1_other_radial(t_cross)           -3.8399432969283096e-09
   D1_other_inrot(t_cross)            3.193435329859245e-10
   D1_other_outrot(t_cross)           -1.0311881776160633e-10
   D1_other(t_cross)                  -3.6237185817039915e-09
   D2_strong_radial(t_cross)          -1.7368547207323057e-05
   D2_strong_inrot(t_cross)           0.001448069690308363
   D2_strong_outrot(t_cross)          3.556857227566016e-05
   D2_strong(t_cross)                 0.0014662697153767
   D2_weak_radial(t_cross)            0.0
   D2_weak_inrot(t_cross)             0.0
   D2_weak_outrot(t_cross)            0.0
   D2_weak(t_cross)                   0.0
   D2_other_radial(t_cross)           -9.864433150542128e-13
   D2_other_inrot(t_cross)            3.0892380366687566e-10
   D2_other_outrot(t_cross)           9.061302852238939e-13
   D2_other(t_cross)                  3.0884349063704537e-10
   strong_theta_mean_deg(t_cross)     0.9740915895859477
   strong_theta_std_deg(t_cross)      7.13348537695052
   strong_theta_q05_deg(t_cross)      -2.792853694717887
   strong_theta_q95_deg(t_cross)      14.9243192789189
   strong_inactive_frac@-85.0(t_cross) 0.10434774433073819
   strip0.03@-85.0(t_cross)           0.025159956647118946
   m1(t_cross)                        1.0001521765292853
   m2(t_cross)                        0.9896116343411612
==============================================================================
[pilot] rho=0.666667 q=0.05 S0=0.0002 L=8192 K=32768 dtau=0.045 tmax_phys=10 saves=1001
  t=  0.00 tau=   0.00  S=0.0002 m1=0.0000 m2=0.0000  E-85.0=0.499950 D1=-1.490e-05 D2=+4.570e-08  [     0s]
  t=  1.00 tau=   9.00  S=0.2984 m1=0.2956 m2=0.0029  E-85.0=0.498702 D1=-8.544e-03 D2=+1.817e-03  [     5s]
  t=  2.00 tau=  18.00  S=1.1058 m1=0.9986 m2=0.1058  E-85.0=0.493528 D1=-9.537e-03 D2=+1.948e-03  [    10s]
  t=  3.00 tau=  27.00  S=1.8737 m1=0.9992 m2=0.8622  E-85.0=0.483738 D1=-6.268e-03 D2=+3.278e-04  [    15s]
  t=  4.00 tau=  36.00  S=2.0169 m1=1.0002 m2=0.9973  E-85.0=0.482355 D1=-1.083e-03 D2=+1.924e-03  [    20s]
  t=  5.00 tau=  45.00  S=2.0242 m1=1.0002 m2=1.0000  E-85.0=0.483784 D1=-5.970e-04 D2=+2.401e-03  [    25s]
  t=  6.00 tau=  54.00  S=2.0287 m1=1.0002 m2=0.9999  E-85.0=0.485727 D1=-3.790e-04 D2=+2.388e-03  [    30s]
  t=  7.00 tau=  63.00  S=2.0331 m1=1.0002 m2=0.9999  E-85.0=0.487708 D1=-2.549e-04 D2=+2.178e-03  [    35s]
  t=  8.00 tau=  72.00  S=2.0373 m1=1.0001 m2=0.9999  E-85.0=0.489538 D1=-1.803e-04 D2=+1.908e-03  [    40s]
  t=  9.00 tau=  81.00  S=2.0413 m1=1.0001 m2=0.9999  E-85.0=0.491156 D1=-1.327e-04 D2=+1.638e-03  [    45s]
  t= 10.00 tau=  90.00  S=2.0449 m1=1.0001 m2=0.9999  E-85.0=0.492551 D1=-1.007e-04 D2=+1.390e-03  [    50s]

==============================================================================
SUMMARY  rho=0.6667 q=0.05 S0=0.0002 (eps@h200=0.001) L=8192 K=32768
clocks (physical t): {'t_m1>=0.1': 0.86, 't_m2>=0.1': 1.99, 't_m1>=0.5': 1.1, 't_m2>=0.5': 2.54, 't_m1>=0.9': 1.35, 't_m2>=0.9': 3.1}
final: {'S': 2.04488, 'm1': 1.00009, 'm2': 0.99991, 'L1': 3e-05, 'L2': 0.00011, 'L': 7e-05}
0.5-deg grid counts: {'n_in_S>=0.0001': 0, 'n_off_S>=0.0001': 108, 'n_in_S>=1e-05': 14, 'n_off_S>=1e-05': 122}
sector: {'max_S': 0.010086559443330756, 'psi_at_max_S': -84.9, 'n_probes': 401, 'n_S>=1e-4': 338, 'psi_range_S>=1e-4': [-93.7, -60.0], 'n_with_cross': 368, 'n_D1<0<D2_at_cross': 368}
focus -85.0 deg:
   S                                  0.010084267336617825
   t_rev                              3.68
   rise                               0.010348116495373705
   t_min                              3.68
   final_excess                       0.010348116495373705
   E0                                 0.49995000125000005
   Emin                               0.4822033026531477
   t_cross                            3.6752345191252322
   n_sign_changes                     1
   E(t_min+0.5)-Emin                  0.00033032969126889355
   E(t_min+1)-Emin                    0.0010307660104066363
   E(t_min+3)-Emin                    0.004881801065641844
   E(3.4)                             0.4823773895239801
   D1(3.4)                            -0.0025832073695444694
   D2(3.4)                            0.0011563337949374794
   E(3.7)                             0.482204353638596
   D1(3.7)                            -0.0015186910881800737
   D2(3.7)                            0.0016059598013925432
   E(3.9)                             0.48228097687229693
   D1(3.9)                            -0.0011907148500858483
   D2(3.9)                            0.001829918464147667
   strong_share_3.4_to_3.9            0.6739789428466688
   strong_share_around_cross          0.6637328703585129
   D1(t_cross)                        -0.0015744683987105527
   D2(t_cross)                        0.0015744683987105532
   int_D1_tmin_to_end                 -0.0024786213314030377
   int_D2_tmin_to_end                 0.012826710456429479
   D1_strong_radial(t_cross)          -4.5742059088823586e-05
   D1_strong_inrot(t_cross)           -3.599258075275197e-05
   D1_strong_outrot(t_cross)          -0.0014926935072957417
   D1_strong(t_cross)                 -0.0015744281471373172
   D1_weak_radial(t_cross)            0.0
   D1_weak_inrot(t_cross)             0.0
   D1_weak_outrot(t_cross)            0.0
   D1_weak(t_cross)                   0.0
   D1_other_radial(t_cross)           -4.252860901719517e-08
   D1_other_inrot(t_cross)            3.5541121980339436e-09
   D1_other_outrot(t_cross)           -1.2770764202936906e-09
   D1_other(t_cross)                  -4.025157323945491e-08
   D2_strong_radial(t_cross)          -1.9636746119427384e-05
   D2_strong_inrot(t_cross)           0.001566279780766696
   D2_strong_outrot(t_cross)          2.7821991432723533e-05
   D2_strong(t_cross)                 0.001574465026079992
   D2_weak_radial(t_cross)            0.0
   D2_weak_inrot(t_cross)             0.0
   D2_weak_outrot(t_cross)            0.0
   D2_weak(t_cross)                   0.0
   D2_other_radial(t_cross)           -1.05911908289749e-11
   D2_other_inrot(t_cross)            3.3733734680888437e-09
   D2_other_outrot(t_cross)           9.84834747318725e-12
   D2_other(t_cross)                  3.3726306247330564e-09
   strong_theta_mean_deg(t_cross)     0.7988877345128444
   strong_theta_std_deg(t_cross)      8.496654926815502
   strong_theta_q05_deg(t_cross)      -3.8432628113488208
   strong_theta_q95_deg(t_cross)      21.277386227369465
   strong_inactive_frac@-85.0(t_cross) 0.1203136872252996
   strip0.03@-85.0(t_cross)           0.021095122130740676
   m1(t_cross)                        1.0000638074417971
   m2(t_cross)                        0.9895393402384823
==============================================================================
[pilot] rho=0.666667 q=0.05 S0=0.002 L=8192 K=32768 dtau=0.045 tmax_phys=10 saves=1001
  t=  0.00 tau=   0.00  S=0.0020 m1=0.0005 m2=0.0005  E-85.0=0.499500 D1=-1.488e-04 D2=+4.566e-07  [     0s]
  t=  1.00 tau=   9.00  S=0.8330 m1=0.8065 m2=0.0251  E-85.0=0.495507 D1=-1.019e-02 D2=+1.905e-03  [     5s]
  t=  2.00 tau=  18.00  S=1.5569 m1=0.9976 m2=0.5486  E-85.0=0.483786 D1=-1.350e-02 D2=-8.613e-04  [    10s]
  t=  3.00 tau=  27.00  S=2.0095 m1=0.9999 m2=0.9849  E-85.0=0.477369 D1=-1.969e-03 D2=+1.482e-03  [    16s]
  t=  4.00 tau=  36.00  S=2.0300 m1=1.0003 m2=0.9999  E-85.0=0.478256 D1=-7.937e-04 D2=+2.448e-03  [    21s]
  t=  5.00 tau=  45.00  S=2.0348 m1=1.0003 m2=1.0000  E-85.0=0.480245 D1=-5.079e-04 D2=+2.723e-03  [    26s]
  t=  6.00 tau=  54.00  S=2.0394 m1=1.0002 m2=1.0000  E-85.0=0.482529 D1=-3.446e-04 D2=+2.642e-03  [    31s]
  t=  7.00 tau=  63.00  S=2.0439 m1=1.0002 m2=0.9999  E-85.0=0.484764 D1=-2.473e-04 D2=+2.395e-03  [    36s]
  t=  8.00 tau=  72.00  S=2.0482 m1=1.0001 m2=0.9999  E-85.0=0.486796 D1=-1.861e-04 D2=+2.095e-03  [    41s]
  t=  9.00 tau=  81.00  S=2.0523 m1=1.0001 m2=0.9999  E-85.0=0.488577 D1=-1.452e-04 D2=+1.799e-03  [    46s]
  t= 10.00 tau=  90.00  S=2.0560 m1=1.0001 m2=1.0000  E-85.0=0.490108 D1=-1.163e-04 D2=+1.529e-03  [    52s]

==============================================================================
SUMMARY  rho=0.6667 q=0.05 S0=0.002 (eps@h200=0.00316) L=8192 K=32768
clocks (physical t): {'t_m1>=0.1': 0.6, 't_m2>=0.1': 1.39, 't_m1>=0.5': 0.85, 't_m2>=0.5': 1.96, 't_m1>=0.9': 1.09, 't_m2>=0.9': 2.51}
final: {'S': 2.05602, 'm1': 1.00011, 'm2': 0.99996, 'L1': 3e-05, 'L2': 0.00011, 'L': 7e-05}
0.5-deg grid counts: {'n_in_S>=0.0001': 6, 'n_off_S>=0.0001': 134, 'n_in_S>=1e-05': 74, 'n_off_S>=1e-05': 145}
sector: {'max_S': 0.012519080385146708, 'psi_at_max_S': -84.6, 'n_probes': 401, 'n_S>=1e-4': 348, 'psi_range_S>=1e-4': [-94.7, -60.0], 'n_with_cross': 368, 'n_D1<0<D2_at_cross': 368}
focus -85.0 deg:
   S                                  0.01247560218035143
   t_rev                              3.11
   rise                               0.012764757776387525
   t_min                              3.11
   final_excess                       0.012764757776387525
   E0                                 0.4995001250000001
   Emin                               0.4773433132445001
   t_cross                            3.1083998665848194
   n_sign_changes                     1
   E(t_min+0.5)-Emin                  0.00034941509792374426
   E(t_min+1)-Emin                    0.0011001108462108111
   E(t_min+3)-Emin                    0.005438044942196241
   E(3.4)                             0.47747737704863946
   D1(3.4)                            -0.0011626451805455285
   D2(3.4)                            0.001994395257170391
   E(3.7)                             0.4778063510218256
   D1(3.7)                            -0.0009331855330506232
   D2(3.7)                            0.0022569429458507064
   E(3.9)                             0.4780953138481474
   D1(3.9)                            -0.0008348823786882132
   D2(3.9)                            0.002391690228101533
   strong_share_3.4_to_3.9            0.45205060087390203
   strong_share_around_cross          0.6594678524560595
   D1(t_cross)                        -0.0016447690607735944
   D2(t_cross)                        0.001644769060773594
   int_D1_tmin_to_end                 -0.0028213731802672957
   int_D2_tmin_to_end                 0.015586124831633142
   D1_strong_radial(t_cross)          -8.817509067486368e-05
   D1_strong_inrot(t_cross)           -6.226356101900424e-05
   D1_strong_outrot(t_cross)          -0.0014938263759165372
   D1_strong(t_cross)                 -0.001644265027610405
   D1_weak_radial(t_cross)            0.0
   D1_weak_inrot(t_cross)             0.0
   D1_weak_outrot(t_cross)            0.0
   D1_weak(t_cross)                   0.0
   D1_other_radial(t_cross)           -5.330801661760992e-07
   D1_other_inrot(t_cross)            4.837633377456014e-08
   D1_other_outrot(t_cross)           -1.9329330787931908e-08
   D1_other(t_cross)                  -5.04033163189471e-07
   D2_strong_radial(t_cross)          -2.128355093101037e-05
   D2_strong_inrot(t_cross)           0.001646813792511233
   D2_strong_outrot(t_cross)          1.9203244631746215e-05
   D2_strong(t_cross)                 0.0016447334862119687
   D2_weak_radial(t_cross)            0.0
   D2_weak_inrot(t_cross)             0.0
   D2_weak_outrot(t_cross)            0.0
   D2_weak(t_cross)                   0.0
   D2_other_radial(t_cross)           -1.0869411673839346e-10
   D2_other_inrot(t_cross)            3.557965624869271e-08
   D2_other_outrot(t_cross)           1.0359955656822095e-10
   D2_other(t_cross)                  3.5574561688522545e-08
   strong_theta_mean_deg(t_cross)     0.9853453764759011
   strong_theta_std_deg(t_cross)      9.926872390976984
   strong_theta_q05_deg(t_cross)      -4.889819779790246
   strong_theta_q95_deg(t_cross)      27.310881843500287
   strong_inactive_frac@-85.0(t_cross) 0.1458924986808737
   strip0.03@-85.0(t_cross)           0.019677107941125545
   m1(t_cross)                        0.9999720361443857
   m2(t_cross)                        0.9902473851748964
==============================================================================

SWEEP
{'S0': 0.0, 'eps_equiv_h200': 1e-05, 't_m1_05': 2.12, 't_m2_05': 4.9, 'S_focus': 0.004991, 'rise_focus': 0.005103, 'final_excess_focus': 0.005103, 'rebound_0p5': 0.000144, 'rebound_1': 0.00045, 'rebound_3': 0.002139, 'Emin_focus': 0.493276, 't_min_focus': 6.05, 't_cross_focus': 6.04657, 'D1_cross': -0.001111, 'D2_cross': 0.001111, 'strong_share': 0.845188, 'strong_std_deg_cross': 3.275805, 'strong_mean_deg_cross': 1.707433, 'inactive_frac_cross': 0.053995, 'sector_max_S': 0.004993, 'sector_psi_max': -84.9}
{'S0': 0.0, 'eps_equiv_h200': 3.2e-05, 't_m1_05': 1.87, 't_m2_05': 4.32, 'S_focus': 0.005613, 'rise_focus': 0.005744, 'final_excess_focus': 0.005744, 'rebound_0p5': 0.000171, 'rebound_1': 0.000534, 'rebound_3': 0.002499, 'Emin_focus': 0.491832, 't_min_focus': 5.46, 't_cross_focus': 5.461203, 'D1_cross': -0.001208, 'D2_cross': 0.001208, 'strong_share': 0.780207, 'strong_std_deg_cross': 4.484205, 'strong_mean_deg_cross': 1.55686, 'inactive_frac_cross': 0.074713, 'sector_max_S': 0.005613, 'sector_psi_max': -85.0}
{'S0': 2e-06, 'eps_equiv_h200': 0.0001, 't_m1_05': 1.61, 't_m2_05': 3.73, 'S_focus': 0.006732, 'rise_focus': 0.006894, 'final_excess_focus': 0.006894, 'rebound_0p5': 0.000214, 'rebound_1': 0.000672, 'rebound_3': 0.00311, 'Emin_focus': 0.48955, 't_min_focus': 4.86, 't_cross_focus': 4.864071, 'D1_cross': -0.001336, 'D2_cross': 0.001336, 'strong_share': 0.720191, 'strong_std_deg_cross': 5.78404, 'strong_mean_deg_cross': 1.288216, 'inactive_frac_cross': 0.091068, 'sector_max_S': 0.006732, 'sector_psi_max': -85.0}
{'S0': 2e-05, 'eps_equiv_h200': 0.000316, 't_m1_05': 1.36, 't_m2_05': 3.14, 'S_focus': 0.008323, 'rise_focus': 0.008529, 'final_excess_focus': 0.008529, 'rebound_0p5': 0.00027, 'rebound_1': 0.000852, 'rebound_3': 0.003962, 'Emin_focus': 0.486307, 't_min_focus': 4.26, 't_cross_focus': 4.264035, 'D1_cross': -0.001466, 'D2_cross': 0.001466, 'strong_share': 0.680692, 'strong_std_deg_cross': 7.133485, 'strong_mean_deg_cross': 0.974092, 'inactive_frac_cross': 0.104348, 'sector_max_S': 0.008323, 'sector_psi_max': -84.9}
{'S0': 0.0002, 'eps_equiv_h200': 0.001, 't_m1_05': 1.1, 't_m2_05': 2.54, 'S_focus': 0.010084, 'rise_focus': 0.010348, 'final_excess_focus': 0.010348, 'rebound_0p5': 0.00033, 'rebound_1': 0.001031, 'rebound_3': 0.004882, 'Emin_focus': 0.482203, 't_min_focus': 3.68, 't_cross_focus': 3.675235, 'D1_cross': -0.001574, 'D2_cross': 0.001574, 'strong_share': 0.663733, 'strong_std_deg_cross': 8.496655, 'strong_mean_deg_cross': 0.798888, 'inactive_frac_cross': 0.120314, 'sector_max_S': 0.010087, 'sector_psi_max': -84.9}
{'S0': 0.002, 'eps_equiv_h200': 0.003162, 't_m1_05': 0.85, 't_m2_05': 1.96, 'S_focus': 0.012476, 'rise_focus': 0.012765, 'final_excess_focus': 0.012765, 'rebound_0p5': 0.000349, 'rebound_1': 0.0011, 'rebound_3': 0.005438, 'Emin_focus': 0.477343, 't_min_focus': 3.11, 't_cross_focus': 3.1084, 'D1_cross': -0.001645, 'D2_cross': 0.001645, 'strong_share': 0.659468, 'strong_std_deg_cross': 9.926872, 'strong_mean_deg_cross': 0.985345, 'inactive_frac_cross': 0.145892, 'sector_max_S': 0.012519, 'sector_psi_max': -84.6}
