steps 100 elapsed 5.91
steps 200 elapsed 11.36
steps 300 elapsed 16.68
steps 400 elapsed 22.65
steps 500 elapsed 28.05
steps 600 elapsed 33.49
steps 700 elapsed 39.53
steps 800 elapsed 44.98
steps 900 elapsed 50.51
steps 1000 elapsed 56.55
steps 1100 elapsed 62.03
steps 1200 elapsed 67.62
steps 1300 elapsed 73.59
steps 1400 elapsed 79.01
steps 1500 elapsed 84.62
steps 1600 elapsed 91.12
steps 1700 elapsed 97.07
steps 1800 elapsed 102.99
steps 1900 elapsed 109.16
steps 2000 elapsed 114.9
steps 2100 elapsed 120.95
steps 2200 elapsed 127.06
steps 2300 elapsed 132.98
steps 2400 elapsed 139.04
steps 2500 elapsed 144.97
{
  "status": "ENCLOSURES COMPUTED; SIGN BRACKETS REQUIRE SEPARATE REPLAY",
  "count": 2500,
  "unresolved_steps": [],
  "seconds": 144.9991738749959,
  "inputs": {
    "inputs/canonical_late_reference.npz": "036fe360e0d9a96b70f09e155893319981be29be5d53d522b0d3a4bf0bc0743f",
    "inputs/canonical_witness_states.npz": "f83864ac40df9bf634206a1884fe2c99ec6cd05df2de2c5f3d427e1fbcdea41a",
    "WIDE_LOCAL_FLOW_ENCLOSURE.csv": "dfbc116a3df9ef8a7dd6ddf85120f4f697d7c25afcf5c74aee549f6e825f0010",
    "WIDE_LOCAL_FLOW_CERTIFICATE.json": "4cee67fb40d68cd0c2605f97f14b227039cdd403812da284e12c7438368fba19"
  },
  "versions": {
    "python": "3.12.2",
    "numpy": "2.5.3",
    "mpmath": "1.3.0"
  }
}
