{
  "training_ambiguous_pairs": 3062,
  "speed_upper": 0.3301223883036246,
  "parameter_norm_upper": 2.002493667982912,
  "field_lipschitz_upper": 18.262467154423113,
  "training_gate_correction_upper": 0.00018019115936209143,
  "G_center_lower": 0.00014287072841853327,
  "G_center_upper": 0.00014287072843589553,
  "G_budget_upper": 0.00011546478965754625,
  "G_lower": 2.740593876098702e-05,
  "G_upper": 0.00025833551809344185,
  "E_center_lower": -0.00011405201606511175,
  "E_center_upper": -0.00011405201605011694,
  "E_budget_upper": 0.00010527527951073393,
  "E_lower": -0.0002193272955758457,
  "E_upper": -8.776736539383002e-06,
  "Xi_center_lower": -0.0002569227444861942,
  "Xi_center_upper": -0.00025692274448346276,
  "Xi_budget_upper": 4.3961075539528715e-05,
  "Xi_lower": -0.00030088382002572294,
  "Xi_upper": -0.00021296166894393403,
  "sector_rate_cost_upper": 3.9730060005435e-06,
  "E_sector_lower": -0.00022330030157638925,
  "E_sector_upper": -4.803730538839501e-06,
  "Xi_sector_lower": -0.0003048568260262665,
  "Xi_sector_upper": -0.0002089886629433905,
  "radius": 2.6457445093000004e-05,
  "flow_radius_at_3p64": 2.4457445092556432e-05,
  "extension_rational": "6/1000000",
  "remaining_radius_lower": 2.0000000004435716e-06,
  "travel_upper": 1.9807343298217484e-06,
  "interval": [
    "3.64",
    "3.640006"
  ],
  "status": "CONDITIONAL INTERVAL WITNESS VERIFIED"
}
