step 100 radius 5.374051310996375e-10 elapsed 37.17
step 200 radius 1.2797402320649538e-09 elapsed 70.62
step 300 radius 2.312330827886626e-09 elapsed 104.9
step 400 radius 3.475006339284267e-09 elapsed 139.22
step 500 radius 4.68162447675663e-09 elapsed 167.69
step 600 radius 6.2687188532622e-09 elapsed 196.9
step 700 radius 8.018101391850486e-09 elapsed 228.13
step 800 radius 1.0161295946817196e-08 elapsed 255.79
step 900 radius 1.2726016105415533e-08 elapsed 284.68
step 1000 radius 1.573230158995593e-08 elapsed 313.92
step 1100 radius 1.920846553626871e-08 elapsed 341.12
step 1200 radius 2.3709104811582697e-08 elapsed 369.74
step 1300 radius 2.8431233994627978e-08 elapsed 399.86
step 1400 radius 3.3783841990328474e-08 elapsed 428.11
step 1500 radius 4.0181485729995374e-08 elapsed 457.02
step 1600 radius 4.75026482099727e-08 elapsed 487.17
step 1700 radius 5.5977656669953394e-08 elapsed 515.97
step 1800 radius 6.592233514024402e-08 elapsed 545.55
step 1900 radius 7.763425130088246e-08 elapsed 574.9
step 2000 radius 9.098868572660211e-08 elapsed 603.52
step 2100 radius 1.0623333210566413e-07 elapsed 631.26
step 2200 radius 1.2314020746424818e-07 elapsed 661.06
step 2300 radius 1.4315319210780386e-07 elapsed 690.95
step 2400 radius 1.6737186673118654e-07 elapsed 721.3
step 2500 radius 1.9574889693002948e-07 elapsed 749.63
step 2600 radius 2.28265328531534e-07 elapsed 779.59
step 2700 radius 2.672701746122582e-07 elapsed 805.88
step 2800 radius 3.131917237752467e-07 elapsed 834.92
step 2900 radius 3.6605069087613206e-07 elapsed 864.61
step 3000 radius 4.278052450294765e-07 elapsed 891.15
step 3100 radius 5.035233218806806e-07 elapsed 918.46
step 3200 radius 5.926730271269423e-07 elapsed 948.12
step 3300 radius 7.005142946144023e-07 elapsed 973.98
step 3400 radius 8.27609668077249e-07 elapsed 1002.12
step 3500 radius 9.74892725434131e-07 elapsed 1029.69
step 3600 radius 1.1500228535129716e-06 elapsed 1057.75
step 3700 radius 1.3570544772289617e-06 elapsed 1088.56
step 3800 radius 1.6033661709629364e-06 elapsed 1117.85
step 3900 radius 1.8928567748064446e-06 elapsed 1146.97
step 4000 radius 2.2523697176609343e-06 elapsed 1181.02
step 4100 radius 2.6762122300679058e-06 elapsed 1211.87
step 4200 radius 3.1808614043315627e-06 elapsed 1242.84
step 4300 radius 3.77889601657694e-06 elapsed 1276.92
step 4400 radius 4.495432368397403e-06 elapsed 1308.41
step 4500 radius 5.3417781256512874e-06 elapsed 1339.73
step 4600 radius 6.348258328376453e-06 elapsed 1374.64
step 4700 radius 7.51675524464817e-06 elapsed 1406.62
step 4800 radius 8.935957546265391e-06 elapsed 1438.71
ENTRY RADIUS BUDGET EXCEEDED 4867 1.0009814095137536e-05
{
  "status": "VALIDATED INITIAL SEGMENT; NONDECREASING COMPARISON EXCEEDS THE 1e-5 ENTRY BUDGET",
  "initial_radius": 0,
  "initial_reference_index": 0,
  "last_reference_index": 4867,
  "dt": "1/5000",
  "final_radius_upper": 1.0009814095137536e-05,
  "target_entry_radius": 1e-05,
  "not_claimed": "The true trajectory error exceeds 1e-5; this is only a failed sufficient comparison for continuing to t=3.4.",
  "runtime_seconds": 1460.5512139580096
}
