3.4 all Q_G -0.001139199057232379 -0.0009600705362691194
3.4 all full_rate -0.001378888999135474 -0.001215911558739637
3.4 strong Q_G -0.002420179655451195 -0.002257320980118
3.4 strong full_rate -0.0024679332689393767 -0.0023200209159309998
3.4 weak Q_G 0.0012442129552617648 0.0013340180868059311
3.4 weak full_rate 0.0010556252140264243 0.0011375284129688415
3.9 all Q_G 0.0006309395586481673 0.001028558719520738
3.9 all full_rate 0.0004065268049784117 0.000770217605808639
3.9 strong Q_G -0.001265989665128328 -0.0009020718148184313
3.9 strong full_rate -0.0012722515586586413 -0.0009394729463347404
3.9 weak Q_G 0.0018120161181390513 0.002015543639976613
3.9 weak full_rate 0.0016011107378150345 0.0017873581779653974
[
  {
    "time": 3.4,
    "strong_count": 71,
    "m11_ball_lower": 0.9323092765312245,
    "input_cone_15deg": true,
    "output_cone_20deg": true,
    "actual_field_norm_upper": 0.38461059167305967,
    "parameter_norm_ball_upper": 1.9925656994129928
  },
  {
    "time": 3.9,
    "strong_count": 71,
    "m11_ball_lower": 0.9340332318451087,
    "input_cone_15deg": true,
    "output_cone_20deg": true,
    "actual_field_norm_upper": 0.30891455672741625,
    "parameter_norm_ball_upper": 2.0069194617432515
  }
]
